// Jest Snapshot v1, https://goo.gl/fbAQLP

exports[`EditableRow changes output when edit is clicked 1`] = `
<div>
  <div>
    <button
      className="btn btn-success"
      onClick={[Function]}
    >
      Edit
    </button>
    <span>
      Test Title
      Â (
      Test Author
      )
    </span>
  </div>
  <img
    src="http://facebook.github.io/jest/img/jest.svg"
    style={
      Object {
        "height": "50px",
        "width": "50px",
      }
    }
  />
</div>
`;
